autonomous-manager	Set up job	Ôªø2025-07-18T09:24:58.0374303Z Current runner version: '2.326.0'
autonomous-manager	Set up job	2025-07-18T09:24:58.0399191Z ##[group]Runner Image Provisioner
autonomous-manager	Set up job	2025-07-18T09:24:58.0400167Z Hosted Compute Agent
autonomous-manager	Set up job	2025-07-18T09:24:58.0400732Z Version: 20250711.363
autonomous-manager	Set up job	2025-07-18T09:24:58.0401401Z Commit: 6785254374ce925a23743850c1cb91912ce5c14c
autonomous-manager	Set up job	2025-07-18T09:24:58.0402099Z Build Date: 2025-07-11T20:04:25Z
autonomous-manager	Set up job	2025-07-18T09:24:58.0402666Z ##[endgroup]
autonomous-manager	Set up job	2025-07-18T09:24:58.0403295Z ##[group]Operating System
autonomous-manager	Set up job	2025-07-18T09:24:58.0403877Z Ubuntu
autonomous-manager	Set up job	2025-07-18T09:24:58.0404310Z 24.04.2
autonomous-manager	Set up job	2025-07-18T09:24:58.0405193Z LTS
autonomous-manager	Set up job	2025-07-18T09:24:58.0405644Z ##[endgroup]
autonomous-manager	Set up job	2025-07-18T09:24:58.0406153Z ##[group]Runner Image
autonomous-manager	Set up job	2025-07-18T09:24:58.0406780Z Image: ubuntu-24.04
autonomous-manager	Set up job	2025-07-18T09:24:58.0407264Z Version: 20250710.1.0
autonomous-manager	Set up job	2025-07-18T09:24:58.0408303Z Included Software: https://github.com/actions/runner-images/blob/ubuntu24/20250710.1/images/ubuntu/Ubuntu2404-Readme.md
autonomous-manager	Set up job	2025-07-18T09:24:58.0410101Z Image Release: https://github.com/actions/runner-images/releases/tag/ubuntu24%2F20250710.1
autonomous-manager	Set up job	2025-07-18T09:24:58.0411219Z ##[endgroup]
autonomous-manager	Set up job	2025-07-18T09:24:58.0412498Z ##[group]GITHUB_TOKEN Permissions
autonomous-manager	Set up job	2025-07-18T09:24:58.0414699Z Actions: write
autonomous-manager	Set up job	2025-07-18T09:24:58.0415312Z Contents: write
autonomous-manager	Set up job	2025-07-18T09:24:58.0415858Z Metadata: read
autonomous-manager	Set up job	2025-07-18T09:24:58.0416399Z PullRequests: write
autonomous-manager	Set up job	2025-07-18T09:24:58.0416932Z ##[endgroup]
autonomous-manager	Set up job	2025-07-18T09:24:58.0419207Z Secret source: Actions
autonomous-manager	Set up job	2025-07-18T09:24:58.0420268Z Prepare workflow directory
autonomous-manager	Set up job	2025-07-18T09:24:58.0746270Z Prepare all required actions
autonomous-manager	Set up job	2025-07-18T09:24:58.0848262Z Complete job name: autonomous-manager
autonomous-manager	Install gh CLI (if needed)	Ôªø2025-07-18T09:24:58.1550682Z ##[group]Run sudo apt-get install gh -y
autonomous-manager	Install gh CLI (if needed)	2025-07-18T09:24:58.1551482Z [36;1msudo apt-get install gh -y[0m
autonomous-manager	Install gh CLI (if needed)	2025-07-18T09:24:58.1739055Z shell: /usr/bin/bash -e {0}
autonomous-manager	Install gh CLI (if needed)	2025-07-18T09:24:58.1740069Z ##[endgroup]
autonomous-manager	Install gh CLI (if needed)	2025-07-18T09:24:59.0356509Z Reading package lists...
autonomous-manager	Install gh CLI (if needed)	2025-07-18T09:24:59.1972843Z Building dependency tree...
autonomous-manager	Install gh CLI (if needed)	2025-07-18T09:24:59.1982219Z Reading state information...
autonomous-manager	Install gh CLI (if needed)	2025-07-18T09:24:59.3583921Z gh is already the newest version (2.75.0).
autonomous-manager	Install gh CLI (if needed)	2025-07-18T09:24:59.3585276Z 0 upgraded, 0 newly installed, 0 to remove and 4 not upgraded.
autonomous-manager	Mark Draft PRs Ready (Fallback)	Ôªø2025-07-18T09:24:59.3765294Z ##[group]Run echo "üîç Checking draft PRs..."
autonomous-manager	Mark Draft PRs Ready (Fallback)	2025-07-18T09:24:59.3766028Z [36;1mecho "üîç Checking draft PRs..."[0m
autonomous-manager	Mark Draft PRs Ready (Fallback)	2025-07-18T09:24:59.3766879Z [36;1mPRS=$(gh pr list --repo markus-lassfolk/rutos-starlink-failover --state open \[0m
autonomous-manager	Mark Draft PRs Ready (Fallback)	2025-07-18T09:24:59.3767742Z [36;1m  --json number,isDraft,headRefName \[0m
autonomous-manager	Mark Draft PRs Ready (Fallback)	2025-07-18T09:24:59.3768402Z [36;1m  --jq '.[] | select(.isDraft==true) | .number')[0m
autonomous-manager	Mark Draft PRs Ready (Fallback)	2025-07-18T09:24:59.3769312Z [36;1mfor PR in $PRS; do[0m
autonomous-manager	Mark Draft PRs Ready (Fallback)	2025-07-18T09:24:59.3769841Z [36;1m  echo "Checking PR #$PR"[0m
autonomous-manager	Mark Draft PRs Ready (Fallback)	2025-07-18T09:24:59.3770588Z [36;1m  LAST_COMMIT=$(gh pr view $PR --repo markus-lassfolk/rutos-starlink-failover \[0m
autonomous-manager	Mark Draft PRs Ready (Fallback)	2025-07-18T09:24:59.3771483Z [36;1m    --json commits --jq '.commits[-1].committedDate')[0m
autonomous-manager	Mark Draft PRs Ready (Fallback)	2025-07-18T09:24:59.3772258Z [36;1m  MINUTES=$(( ( $(date +%s) - $(date -d "$LAST_COMMIT" +%s) ) / 60 ))[0m
autonomous-manager	Mark Draft PRs Ready (Fallback)	2025-07-18T09:24:59.3773037Z [36;1m  echo "‚è≥ Last commit was $MINUTES minutes ago"[0m
autonomous-manager	Mark Draft PRs Ready (Fallback)	2025-07-18T09:24:59.3773698Z [36;1m  if [ $MINUTES -ge 30 ]; then[0m
autonomous-manager	Mark Draft PRs Ready (Fallback)	2025-07-18T09:24:59.3774349Z [36;1m    echo "‚úÖ Marking PR #$PR ready for review"[0m
autonomous-manager	Mark Draft PRs Ready (Fallback)	2025-07-18T09:24:59.3775116Z [36;1m    gh pr ready $PR --repo markus-lassfolk/rutos-starlink-failover[0m
autonomous-manager	Mark Draft PRs Ready (Fallback)	2025-07-18T09:24:59.3775805Z [36;1m  fi[0m
autonomous-manager	Mark Draft PRs Ready (Fallback)	2025-07-18T09:24:59.3776213Z [36;1mdone[0m
autonomous-manager	Mark Draft PRs Ready (Fallback)	2025-07-18T09:24:59.3805001Z shell: /usr/bin/bash -e {0}
autonomous-manager	Mark Draft PRs Ready (Fallback)	2025-07-18T09:24:59.3805538Z env:
autonomous-manager	Mark Draft PRs Ready (Fallback)	2025-07-18T09:24:59.3806180Z   GH_TOKEN: ***
autonomous-manager	Mark Draft PRs Ready (Fallback)	2025-07-18T09:24:59.3806606Z ##[endgroup]
autonomous-manager	Mark Draft PRs Ready (Fallback)	2025-07-18T09:24:59.3942483Z üîç Checking draft PRs...
autonomous-manager	Mark Draft PRs Ready (Fallback)	2025-07-18T09:24:59.7254268Z Checking PR #72
autonomous-manager	Mark Draft PRs Ready (Fallback)	2025-07-18T09:25:00.2564095Z ‚è≥ Last commit was 12 minutes ago
autonomous-manager	Approve Pending Workflow Runs	Ôªø2025-07-18T09:25:00.2640425Z ##[group]Run echo "üîÑ Checking for workflow runs needing approval..."
autonomous-manager	Approve Pending Workflow Runs	2025-07-18T09:25:00.2642538Z [36;1mecho "üîÑ Checking for workflow runs needing approval..."[0m
autonomous-manager	Approve Pending Workflow Runs	2025-07-18T09:25:00.2644641Z [36;1mRUNS=$(gh run list --repo markus-lassfolk/rutos-starlink-failover \[0m
autonomous-manager	Approve Pending Workflow Runs	2025-07-18T09:25:00.2647339Z [36;1m  --json databaseId,status --jq '.[] | select(.status=="waiting") | .databaseId')[0m
autonomous-manager	Approve Pending Workflow Runs	2025-07-18T09:25:00.2649582Z [36;1mfor RUN_ID in $RUNS; do[0m
autonomous-manager	Approve Pending Workflow Runs	2025-07-18T09:25:00.2650930Z [36;1m  echo "‚úÖ Approving workflow run $RUN_ID"[0m
autonomous-manager	Approve Pending Workflow Runs	2025-07-18T09:25:00.2653359Z [36;1m  gh api --method POST repos/markus-lassfolk/rutos-starlink-failover/actions/runs/$RUN_ID/approve[0m
autonomous-manager	Approve Pending Workflow Runs	2025-07-18T09:25:00.2655680Z [36;1mdone[0m
autonomous-manager	Approve Pending Workflow Runs	2025-07-18T09:25:00.2686004Z shell: /usr/bin/bash -e {0}
autonomous-manager	Approve Pending Workflow Runs	2025-07-18T09:25:00.2687181Z env:
autonomous-manager	Approve Pending Workflow Runs	2025-07-18T09:25:00.2688556Z   GH_TOKEN: ***
autonomous-manager	Approve Pending Workflow Runs	2025-07-18T09:25:00.2689696Z ##[endgroup]
autonomous-manager	Approve Pending Workflow Runs	2025-07-18T09:25:00.2746365Z üîÑ Checking for workflow runs needing approval...
autonomous-manager	Complete job	Ôªø2025-07-18T09:25:01.0314269Z Cleaning up orphan processes
